Loading GCC/13.3.0
  Loading requirement: GCCcore/13.3.0 zlib/1.3.1-GCCcore-13.3.0
    binutils/2.42-GCCcore-13.3.0
=== OpenMP NN Training Benchmark ===
Experiment=exp2_omp_canonical Repeats=5 Warmup=2
Samples=5000 Network=1024->1536->10 Epochs=20 Batch=64
ReportLossEachEpoch=0 ThreadCounts=1,2,4,8,16,32,64

--- threads=1 ---
--- threads=2 ---
--- threads=4 ---
--- threads=8 ---
--- threads=16 ---
--- threads=32 ---
--- threads=64 ---
Done.
=== OpenMP NN Training Benchmark ===
Experiment=exp2_omp_large_input Repeats=5 Warmup=2
Samples=500 Network=178608->448->10 Epochs=10 Batch=256
ReportLossEachEpoch=0 ThreadCounts=1,2,4,8,16,32,64

--- threads=1 ---
--- threads=2 ---
--- threads=4 ---
--- threads=8 ---
--- threads=16 ---
--- threads=32 ---
--- threads=64 ---
Done.
