Loading GCC/13.3.0
  Loading requirement: GCCcore/13.3.0 zlib/1.3.1-GCCcore-13.3.0
    binutils/2.42-GCCcore-13.3.0
=== OpenMP NN Training Benchmark ===
Experiment=exp4_omp_weak Repeats=5 Warmup=2
Samples=5000 Network=1024->128->10 Epochs=20 Batch=64
ReportLossEachEpoch=0 ThreadCounts=1

--- threads=1 ---
Done.
=== OpenMP NN Training Benchmark ===
Experiment=exp4_omp_weak Repeats=5 Warmup=2
Samples=5000 Network=1024->256->10 Epochs=20 Batch=64
ReportLossEachEpoch=0 ThreadCounts=2

--- threads=2 ---
Done.
=== OpenMP NN Training Benchmark ===
Experiment=exp4_omp_weak Repeats=5 Warmup=2
Samples=5000 Network=1024->512->10 Epochs=20 Batch=64
ReportLossEachEpoch=0 ThreadCounts=4

--- threads=4 ---
Done.
=== OpenMP NN Training Benchmark ===
Experiment=exp4_omp_weak Repeats=5 Warmup=2
Samples=5000 Network=1024->1024->10 Epochs=20 Batch=64
ReportLossEachEpoch=0 ThreadCounts=8

--- threads=8 ---
Done.
=== OpenMP NN Training Benchmark ===
Experiment=exp4_omp_weak Repeats=5 Warmup=2
Samples=5000 Network=1024->2048->10 Epochs=20 Batch=64
ReportLossEachEpoch=0 ThreadCounts=16

--- threads=16 ---
Done.
=== OpenMP NN Training Benchmark ===
Experiment=exp4_omp_weak Repeats=5 Warmup=2
Samples=5000 Network=1024->4096->10 Epochs=20 Batch=64
ReportLossEachEpoch=0 ThreadCounts=32

--- threads=32 ---
Done.
=== OpenMP NN Training Benchmark ===
Experiment=exp4_omp_weak Repeats=5 Warmup=2
Samples=5000 Network=1024->8192->10 Epochs=20 Batch=64
ReportLossEachEpoch=0 ThreadCounts=64

--- threads=64 ---
Done.
