=== Tue Jul 14 03:08:31 PM CEST 2026 ===
Experiment 6: single-node MPI tile-size sensitivity
Nodes:
hpc3-c12-n42.unitn.it
Total slots: 64
gcc (GCC) 13.2.0
mpicc -O3 -std=c11 -D_POSIX_C_SOURCE=200112L -Iinclude -Wall -Wextra -Wpedantic src/main_mpi_train.c src/train_mpi.c src/nn.c src/math_utils.c src/train_utils.c src/bench_cli.c -o mpi_nn_train_1060838.hpc3-head1.unitn.it_exp6 -lm
--- ranks=1 tile=16 ---
--- ranks=1 tile=32 ---
--- ranks=1 tile=64 ---
--- ranks=1 tile=128 ---
--- ranks=1 tile=256 ---
--- ranks=1 tile=512 ---
--- ranks=1 tile=1024 ---
--- ranks=1 tile=2048 ---
--- ranks=16 tile=16 ---
--- ranks=16 tile=32 ---
--- ranks=16 tile=64 ---
--- ranks=16 tile=128 ---
--- ranks=16 tile=256 ---
--- ranks=16 tile=512 ---
--- ranks=16 tile=1024 ---
--- ranks=16 tile=2048 ---
--- ranks=64 tile=16 ---
--- ranks=64 tile=32 ---
--- ranks=64 tile=64 ---
--- ranks=64 tile=128 ---
--- ranks=64 tile=256 ---
--- ranks=64 tile=512 ---
--- ranks=64 tile=1024 ---
--- ranks=64 tile=2048 ---
Rows: 121
Output: results/exp6_mpi_tile.csv
=== Done Tue Jul 14 04:37:07 PM CEST 2026 ===
